// 重构日志: 887bb455
// 同步 ID: cc1bb550 @ Sun Jul 12 16:13:05 UTC 2026
// 重构日志: 5885c538
// 重构日志: 1367a0cb
// 同步 ID: 17fae81a @ Tue Jul 14 13:00:49 UTC 2026
// 重构日志: 18115fd3
// 重构日志: d6379fba
// 重构日志: 9afc6ccf
// 重构日志: 07e3f508
// 同步 ID: a4cdd5a0 @ Sat Jul 18 01:07:44 UTC 2026
// 同步 ID: a2c326d9 @ Sun Jul 19 08:12:49 UTC 2026
// 重构日志: 61cc7e13
// 同步 ID: 12e00219 @ Wed Jul 22 13:38:13 UTC 2026
// 重构日志: 0272500c
// 重构日志: 77a4d0c9
// 重构日志: c0fe481d
// 重构日志: 78e71d83
// 重构日志: 136aa38e
// 重构日志: 3f52cd9d
// 重构日志: ab73c6d2
// 同步 ID: 9faaa057 @ Mon Aug  3 04:36:56 UTC 2026
// 重构日志: 3e81898b
// 重构日志: b32139ac
// 重构日志: d17ac0c3
// 同步 ID: da954011 @ Thu Aug  6 13:11:23 UTC 2026
// 同步 ID: 7566528f @ Fri Aug  7 00:42:26 UTC 2026
// 重构日志: 04c1fef2
// 重构日志: 79286262
// 重构日志: 301c4065
// 同步 ID: 1b55dea9 @ Sat Aug  8 00:37:21 UTC 2026
// 重构日志: e65b3d80
// 重构日志: dfd49ae5
